9139 candidate words; languages: th, en
wrote: chula-l4-001.mp3 (18432 bytes) มึน
wrote: chula-l4-001.en.mp3 (26208 bytes) dizzy, lightheaded
skip (exists): chula-l4-002.mp3
skip (exists): chula-l4-002.en.mp3
skip (exists): chula-l4-003.mp3
skip (exists): chula-l4-003.en.mp3
skip (exists): chula-l4-004.mp3
skip (exists): chula-l4-004.en.mp3
wrote: chula-l4-005.mp3 (24480 bytes) กรดไหลย้อน
wrote: chula-l4-005.en.mp3 (25344 bytes) acid reflux
skip (exists): chula-l4-006.mp3
skip (exists): chula-l4-006.en.mp3
skip (exists): chula-l4-007.mp3
skip (exists): chula-l4-007.en.mp3
skip (exists): chula-l4-008.mp3
skip (exists): chula-l4-008.en.mp3
skip (exists): chula-l4-009.mp3
skip (exists): chula-l4-009.en.mp3
skip (exists): chula-l4-010.mp3
skip (exists): chula-l4-010.en.mp3
wrote: chula-l4-011.mp3 (21888 bytes) ชรา
wrote: chula-l4-011.en.mp3 (25344 bytes) old, elderly
wrote: chula-l4-012.mp3 (21888 bytes) ท้องเสีย
wrote: chula-l4-012.en.mp3 (32832 bytes) diarrhea, upset stomach
skip (exists): chula-l4-013.mp3
skip (exists): chula-l4-013.en.mp3
wrote: chula-l4-014.mp3 (21600 bytes) เป็นแผล
wrote: chula-l4-014.en.mp3 (23040 bytes) to have a wound
wrote: chula-l4-018.mp3 (19872 bytes) เสมหะ
wrote: chula-l4-018.en.mp3 (30240 bytes) phlegm, thick mucus
wrote: chula-l4-019.mp3 (21600 bytes) เจาะเลือด
wrote: chula-l4-019.en.mp3 (22176 bytes) to draw blood
wrote: chula-l4-020.mp3 (23328 bytes) ไข้หวัดใหญ่
wrote: chula-l4-020.en.mp3 (29376 bytes) influenza, flu
wrote: chula-l4-021.mp3 (21600 bytes) อุจจาระ
wrote: chula-l4-021.en.mp3 (20736 bytes) feces
wrote: chula-l4-022.mp3 (21024 bytes) ผลตรวจ
wrote: chula-l4-022.en.mp3 (21888 bytes) test result
wrote: chula-l4-023.mp3 (22176 bytes) คลื่นไส้
wrote: chula-l4-023.en.mp3 (19008 bytes) nausea
wrote: chula-l4-024.mp3 (22464 bytes) เวียนหัว
wrote: chula-l4-024.en.mp3 (26208 bytes) dizzy, lightheaded
wrote: chula-l4-025.mp3 (22176 bytes) หน้ามืด
wrote: chula-l4-025.en.mp3 (42624 bytes) feeling lightheaded, about to lose consciousness
wrote: chula-l4-026.mp3 (23616 bytes) น้ำมูกไหล
wrote: chula-l4-026.en.mp3 (22176 bytes) runny nose
wrote: chula-l4-027.mp3 (18720 bytes) สะอึก
wrote: chula-l4-027.en.mp3 (18432 bytes) hiccup
wrote: chula-l4-028.mp3 (19296 bytes) บวม
wrote: chula-l4-028.en.mp3 (19872 bytes) swollen
wrote: chula-l4-029.mp3 (19008 bytes) ช้ำ
wrote: chula-l4-029.en.mp3 (18144 bytes) bruised
wrote: chula-l4-030.mp3 (21888 bytes) อวัยวะ
wrote: chula-l4-030.en.mp3 (18144 bytes) organ
skip (exists): chula-l4-031.mp3
skip (exists): chula-l4-031.en.mp3
wrote: chula-l4-032.mp3 (20736 bytes) ฉับพลัน
wrote: chula-l4-032.en.mp3 (26208 bytes) sudden, immediate
skip (exists): chula-l4-033.mp3
skip (exists): chula-l4-033.en.mp3
skip (exists): chula-l4-034.mp3
skip (exists): chula-l4-034.en.mp3
skip (exists): chula-l4-035.mp3
skip (exists): chula-l4-035.en.mp3
skip (exists): chula-l4-036.mp3
skip (exists): chula-l4-036.en.mp3
wrote: chula-l4-037.mp3 (22176 bytes) เพลงชาติ
wrote: chula-l4-037.en.mp3 (24480 bytes) national anthem
skip (exists): chula-l4-038.mp3
skip (exists): chula-l4-038.en.mp3
skip (exists): chula-l4-039.mp3
skip (exists): chula-l4-039.en.mp3
wrote: chula-l4-040.mp3 (31680 bytes) เพลงสรรเสริญพระบารมี
wrote: chula-l4-040.en.mp3 (23328 bytes) royal anthem
wrote: chula-l4-041.mp3 (23904 bytes) พระมหากษัตริย์
wrote: chula-l4-041.en.mp3 (24768 bytes) king, monarch
wrote: chula-l4-042.mp3 (23328 bytes) รอบข้าง
wrote: chula-l4-042.en.mp3 (28512 bytes) around, surrounding
wrote: chula-l4-044.mp3 (18720 bytes) หลิ่ว
wrote: chula-l4-044.en.mp3 (19872 bytes) to squint
skip (exists): chula-l4-045.mp3
skip (exists): chula-l4-045.en.mp3
skip (exists): chula-l4-046.mp3
skip (exists): chula-l4-046.en.mp3
wrote: chula-l4-047.mp3 (22176 bytes) เกี่ยวข้องกับ
wrote: chula-l4-047.en.mp3 (21600 bytes) related to
wrote: chula-l4-048.mp3 (22176 bytes) บูชา
wrote: chula-l4-048.en.mp3 (20736 bytes) to worship
wrote: chula-l4-049.mp3 (23328 bytes) เทพเจ้า
wrote: chula-l4-049.en.mp3 (24768 bytes) deity, god
wrote: chula-l4-050.mp3 (21312 bytes) ภาชนะ
wrote: chula-l4-050.en.mp3 (20160 bytes) container
wrote: chula-l4-051.mp3 (21600 bytes) ธูปเทียน
wrote: chula-l4-051.en.mp3 (25344 bytes) incense and candle
skip (exists): chula-l4-052.mp3
skip (exists): chula-l4-052.en.mp3
wrote: chula-l4-053.mp3 (21600 bytes) ขี้ผึ้ง
wrote: chula-l4-053.en.mp3 (19008 bytes) wax
wrote: chula-l4-054.mp3 (22752 bytes) เนื้อคู่
wrote: chula-l4-054.en.mp3 (20160 bytes) soulmate
wrote: chula-l4-055.mp3 (23616 bytes) ภูมิภาค
wrote: chula-l4-055.en.mp3 (18720 bytes) region
wrote: chula-l4-056.mp3 (22176 bytes) ทะเลสาบ
wrote: chula-l4-056.en.mp3 (17856 bytes) lake
wrote: chula-l4-058.mp3 (19008 bytes) โคม
wrote: chula-l4-058.en.mp3 (19296 bytes) lantern
wrote: chula-l4-059.mp3 (22752 bytes) แหล่งน้ำ
wrote: chula-l4-059.en.mp3 (22752 bytes) water source
skip (exists): chula-l4-062.mp3
skip (exists): chula-l4-062.en.mp3
wrote: chula-l4-063.mp3 (19296 bytes) ดวง
wrote: chula-l4-063.en.mp3 (67968 bytes) luck, fortune, fate; classifier for stars, suns, lights
wrote: chula-l4-064.mp3 (21312 bytes) ดูดวง
wrote: chula-l4-064.en.mp3 (45216 bytes) to check one's fortune, to have a horoscope reading
wrote: chula-l4-065.mp3 (22176 bytes) ทำนาย
wrote: chula-l4-065.en.mp3 (31392 bytes) to predict, to foretell
wrote: chula-l4-066.mp3 (23904 bytes) โหราศาสตร์
wrote: chula-l4-066.en.mp3 (22752 bytes) astrology
wrote: chula-l4-067.mp3 (23616 bytes) ดาราศาสตร์
wrote: chula-l4-067.en.mp3 (21600 bytes) astronomy
wrote: chula-l4-068.mp3 (23040 bytes) งมงาย
wrote: chula-l4-068.en.mp3 (47232 bytes) credulous, gullible, blindly superstitious
skip (exists): chula-l4-069.mp3
skip (exists): chula-l4-069.en.mp3
wrote: chula-l4-070.mp3 (22752 bytes) ไม่เข้าท่า
wrote: chula-l4-070.en.mp3 (51840 bytes) inappropriate, improper, absurd, makes no sense
wrote: chula-l4-071.mp3 (23904 bytes) ทะเยอทะยาน
wrote: chula-l4-071.en.mp3 (21312 bytes) ambitious
wrote: chula-l4-072.mp3 (21888 bytes) มุ่งมั่น
wrote: chula-l4-072.en.mp3 (28224 bytes) determined, focused
wrote: chula-l4-073.mp3 (23904 bytes) เอาจริงเอาจัง
wrote: chula-l4-073.en.mp3 (43776 bytes) to take something seriously, to be diligent
wrote: chula-l4-074.mp3 (33408 bytes) กังวล, วิตกกังวล
wrote: chula-l4-074.en.mp3 (17856 bytes) worried
wrote: chula-l4-075.mp3 (24480 bytes) มีเมตตา
wrote: chula-l4-075.en.mp3 (40032 bytes) compassionate, kind-hearted, merciful
skip (exists): chula-l4-076.mp3
skip (exists): chula-l4-076.en.mp3
wrote: chula-l4-077.mp3 (24768 bytes) กระตือรือร้น
wrote: chula-l4-077.en.mp3 (30240 bytes) enthusiastic, eager
wrote: chula-l4-078.mp3 (21888 bytes) คล่องแคล่ว
wrote: chula-l4-078.en.mp3 (41472 bytes) agile, quick; skilled, fluent
wrote: chula-l4-079.mp3 (25632 bytes) กระฉับกระเฉง
wrote: chula-l4-079.en.mp3 (37728 bytes) energetic, lively, active
wrote: chula-l4-080.mp3 (21312 bytes) อวดดี
wrote: chula-l4-080.en.mp3 (30816 bytes) cocky, overconfident
wrote: chula-l4-081.mp3 (19008 bytes) หยิ่ง
wrote: chula-l4-081.en.mp3 (19872 bytes) arrogant
wrote: chula-l4-082.mp3 (22176 bytes) เงียบขรึม
wrote: chula-l4-082.en.mp3 (26496 bytes) quiet, reserved
wrote: chula-l4-083.mp3 (21600 bytes) แข็งแกร่ง
wrote: chula-l4-083.en.mp3 (28512 bytes) tough, resilient
wrote: chula-l4-084.mp3 (25632 bytes) ตรงไปตรงมา
wrote: chula-l4-084.en.mp3 (29664 bytes) straightforward, blunt
wrote: chula-l4-085.mp3 (23904 bytes) เสแสร้ง
wrote: chula-l4-085.en.mp3 (48096 bytes) to pretend, to be hypocritical, to put on an act
wrote: chula-l4-086.mp3 (27072 bytes) ความตลกขบขัน
wrote: chula-l4-086.en.mp3 (26784 bytes) humor, comedy
wrote: chula-l4-088.mp3 (21888 bytes) ก้าวร้าว
wrote: chula-l4-088.en.mp3 (20736 bytes) aggressive
wrote: chula-l4-089.mp3 (25920 bytes) เอื้อเฟื้อเผื่อแผ่
wrote: chula-l4-089.en.mp3 (41184 bytes) generous, benevolent, willing to share
wrote: chula-l4-090.mp3 (30816 bytes) ดื้อ, ดื้อรั้น
wrote: chula-l4-090.en.mp3 (30816 bytes) stubborn, disobedient
wrote: chula-l4-091.mp3 (24192 bytes) เจ้ากี้เจ้าการ
wrote: chula-l4-091.en.mp3 (40032 bytes) bossy, always telling others what to do
wrote: chula-l4-092.mp3 (26784 bytes) นินทาว่าร้าย
wrote: chula-l4-092.en.mp3 (36576 bytes) to gossip, to speak ill of someone
wrote: chula-l4-094.mp3 (22464 bytes) มีเสน่ห์
wrote: chula-l4-094.en.mp3 (30816 bytes) charming, charismatic
wrote: chula-l4-095.mp3 (26784 bytes) อัธยาศัยดี
wrote: chula-l4-095.en.mp3 (28512 bytes) friendly, good-natured
wrote: chula-l4-096.mp3 (23616 bytes) พรสวรรค์
wrote: chula-l4-096.en.mp3 (19008 bytes) talent
wrote: chula-l4-097.mp3 (21888 bytes) ทุ่มเท
wrote: chula-l4-097.en.mp3 (42624 bytes) to dedicate, to commit fully, dedicated
wrote: chula-l4-098.mp3 (27072 bytes) เอาแต่ใจตัวเอง
wrote: chula-l4-098.en.mp3 (47520 bytes) selfish, self-centered, to have everything one's way
wrote: chula-l4-099.mp3 (23328 bytes) ราศี
wrote: chula-l4-099.en.mp3 (23616 bytes) zodiac sign
wrote: chula-l4-100.mp3 (24480 bytes) คนโลกสวย
wrote: chula-l4-100.en.mp3 (34560 bytes) naive, idealistic person
wrote: chula-l4-101.mp3 (21600 bytes) อ่อนโยน
wrote: chula-l4-101.en.mp3 (26208 bytes) gentle, tender
wrote: chula-l4-102.mp3 (26208 bytes) อย่างไรก็ตาม
wrote: chula-l4-102.en.mp3 (39456 bytes) however, nevertheless, even so
skip (exists): chula-l4-103.mp3
skip (exists): chula-l4-103.en.mp3
wrote: chula-l4-104.mp3 (28224 bytes) ปลอบ, ปลอบใจ
wrote: chula-l4-104.en.mp3 (31680 bytes) to console, to comfort
wrote: chula-l4-105.mp3 (21600 bytes) เจ้าชู้
wrote: chula-l4-105.en.mp3 (40032 bytes) womanizer, someone who likes to flirt
wrote: chula-l4-106.mp3 (27072 bytes) บ้านพักคนชรา
wrote: chula-l4-106.en.mp3 (22176 bytes) nursing home
wrote: chula-l4-107.mp3 (22176 bytes) พ่อตา
wrote: chula-l4-107.en.mp3 (22176 bytes) wife's father
wrote: chula-l4-108.mp3 (22464 bytes) แม่ยาย
wrote: chula-l4-108.en.mp3 (21600 bytes) wife's mother
wrote: chula-l4-111.mp3 (24768 bytes) ไม่ลงรอยกัน
wrote: chula-l4-111.en.mp3 (47232 bytes) to disagree, to be at odds, to not get along
wrote: chula-l4-112.mp3 (21888 bytes) ขึ้นคาน
wrote: chula-l4-112.en.mp3 (25056 bytes) to be "on the shelf"
wrote: chula-l4-114.mp3 (22176 bytes) ช่วงวัย
wrote: chula-l4-114.en.mp3 (33696 bytes) age range, stage of life
wrote: chula-l4-115.mp3 (18432 bytes) ต่าง
wrote: chula-l4-115.en.mp3 (24768 bytes) different, other
wrote: chula-l4-116.mp3 (22464 bytes) เลี้ยงดู
wrote: chula-l4-116.en.mp3 (55872 bytes) to nurture, to raise, to care for, to provide for
wrote: chula-l4-117.mp3 (33408 bytes) บุคลิก, บุคลิกภาพ
wrote: chula-l4-117.en.mp3 (22464 bytes) personality
wrote: chula-l4-118.mp3 (25056 bytes) สิ่งแวดล้อม
wrote: chula-l4-118.en.mp3 (21888 bytes) environment
skip (exists): chula-l4-119.mp3
skip (exists): chula-l4-119.en.mp3
skip (exists): chula-l4-120.mp3
skip (exists): chula-l4-120.en.mp3
skip (exists): chula-l4-121.mp3
skip (exists): chula-l4-121.en.mp3
wrote: chula-l4-122.mp3 (19584 bytes) เสื่อม
wrote: chula-l4-122.en.mp3 (42912 bytes) to decay, to deteriorate, to decline
wrote: chula-l4-123.mp3 (21024 bytes) ผมหงอก
wrote: chula-l4-123.en.mp3 (20160 bytes) grey hair
wrote: chula-l4-124.mp3 (21600 bytes) ผิวเหี่ยว
wrote: chula-l4-124.en.mp3 (22752 bytes) wrinkled skin
skip (exists): chula-l4-125.mp3
skip (exists): chula-l4-125.en.mp3
wrote: chula-l4-126.mp3 (21312 bytes) จากไป
wrote: chula-l4-126.en.mp3 (31392 bytes) to leave; to pass away
wrote: chula-l4-127.mp3 (19584 bytes) หงุดหงิด
wrote: chula-l4-127.en.mp3 (29952 bytes) irritated, frustrated
wrote: chula-l4-128.mp3 (22752 bytes) ซึมเศร้า
wrote: chula-l4-128.en.mp3 (20160 bytes) depressed
wrote: chula-l4-129.mp3 (22752 bytes) น้อยใจ
wrote: chula-l4-129.en.mp3 (35424 bytes) to feel neglected, to feel hurt
wrote: chula-l4-130.mp3 (22752 bytes) เอาใจใส่
wrote: chula-l4-130.en.mp3 (37728 bytes) to pay attention, to be considerate
wrote: chula-l4-131.mp3 (22176 bytes) อัมพาต
wrote: chula-l4-131.en.mp3 (23040 bytes) paralysis
wrote: chula-l4-132.mp3 (23616 bytes) ความจำเสื่อม
wrote: chula-l4-132.en.mp3 (38592 bytes) memory loss, memory deterioration
wrote: chula-l4-133.mp3 (24768 bytes) กายภาพบำบัด
wrote: chula-l4-133.en.mp3 (25056 bytes) physical therapy
wrote: chula-l4-134.mp3 (21888 bytes) วัยทอง
wrote: chula-l4-134.en.mp3 (21888 bytes) menopause
wrote: chula-l4-135.mp3 (21600 bytes) ป่านนี้
wrote: chula-l4-135.en.mp3 (31392 bytes) up until now, by now
skip (exists): chula-l4-136.mp3
skip (exists): chula-l4-136.en.mp3
skip (exists): chula-l4-137.mp3
skip (exists): chula-l4-137.en.mp3
wrote: chula-l4-138.mp3 (24192 bytes) เวลาเร่งด่วน
wrote: chula-l4-138.en.mp3 (21312 bytes) rush hour
skip (exists): chula-l4-139.mp3
skip (exists): chula-l4-139.en.mp3
wrote: chula-l4-140.mp3 (23616 bytes) นกนางนวล
wrote: chula-l4-140.en.mp3 (19584 bytes) seagull
wrote: chula-l4-141.mp3 (22176 bytes) ...ปุ๊บ, ...ปั๊บ
wrote: chula-l4-141.en.mp3 (27648 bytes) as soon as, then
wrote: chula-l4-142.mp3 (26784 bytes) ... ไป, ... ไป
wrote: chula-l4-142.en.mp3 (37152 bytes) two actions happening at the same time
wrote: chula-l4-143.mp3 (20448 bytes) ได้รับ
wrote: chula-l4-143.en.mp3 (33408 bytes) to receive; passive marker
wrote: chula-l4-144.mp3 (20448 bytes) อย่างกับ
wrote: chula-l4-144.en.mp3 (34560 bytes) just like; as if, as though
skip (exists): chula-l4-145.mp3
skip (exists): chula-l4-145.en.mp3
skip (exists): chula-l4-146.mp3
skip (exists): chula-l4-146.en.mp3
skip (exists): chula-l4-147.mp3
skip (exists): chula-l4-147.en.mp3
skip (exists): chula-l4-148.mp3
skip (exists): chula-l4-148.en.mp3
skip (exists): chula-l4-149.mp3
skip (exists): chula-l4-149.en.mp3
wrote: chula-l4-150.mp3 (21024 bytes) แก้ดวง
wrote: chula-l4-150.en.mp3 (25632 bytes) to fix one's luck
wrote: chula-l4-151.mp3 (21888 bytes) เสริมดวง
wrote: chula-l4-151.en.mp3 (42048 bytes) to boost one's luck, to improve one's luck
wrote: chula-l4-152.mp3 (20736 bytes) จะแย่
wrote: chula-l4-152.en.mp3 (30816 bytes) extremely, terribly
wrote: chula-l4-153.mp3 (21024 bytes) จะตาย
wrote: chula-l4-153.en.mp3 (30528 bytes) extremely, "...to death"
wrote: chula-l4-154.mp3 (27072 bytes) หามรุ่งหามค่ำ
wrote: chula-l4-154.en.mp3 (43488 bytes) day and night, non-stop, around the clock
wrote: chula-l4-155.mp3 (25056 bytes) เต็มบ้านเต็มเมือง
wrote: chula-l4-155.en.mp3 (33120 bytes) all over the place, everywhere
wrote: chula-l4-156.mp3 (32832 bytes) เข้าเมืองตาหลิ่ว ต้องหลิ่วตาตาม
wrote: chula-l4-156.en.mp3 (37152 bytes) When in Rome, do as the Romans do
wrote: chula-l5-001.mp3 (23904 bytes) เจ้าของร่วม
wrote: chula-l5-001.en.mp3 (19296 bytes) co-owner
wrote: chula-l5-002.mp3 (25632 bytes) ผู้พักอาศัย
wrote: chula-l5-002.en.mp3 (20160 bytes) resident
wrote: chula-l5-003.mp3 (23616 bytes) นิติบุคคล
wrote: chula-l5-003.en.mp3 (35712 bytes) juristic person, legal entity
skip (exists): chula-l5-004.mp3
skip (exists): chula-l5-004.en.mp3
wrote: chula-l5-005.mp3 (19872 bytes) ชำระ
wrote: chula-l5-005.en.mp3 (41184 bytes) to pay; to cleanse, to wash away
wrote: chula-l5-006.mp3 (23904 bytes) ค่าใช้จ่าย
wrote: chula-l5-006.en.mp3 (29088 bytes) cost, expenses
skip (exists): chula-l5-007.mp3
skip (exists): chula-l5-007.en.mp3
skip (exists): chula-l5-008.mp3
skip (exists): chula-l5-008.en.mp3
wrote: chula-l5-009.mp3 (21888 bytes) ค้างชำระ
wrote: chula-l5-009.en.mp3 (27936 bytes) overdue, unpaid
wrote: chula-l5-010.mp3 (18144 bytes) โอน
wrote: chula-l5-010.en.mp3 (22176 bytes) to transfer
wrote: chula-l5-011.mp3 (20160 bytes) ออมทรัพย์
wrote: chula-l5-011.en.mp3 (21312 bytes) savings
wrote: chula-l5-012.mp3 (21600 bytes) อาคารชุด
wrote: chula-l5-012.en.mp3 (22176 bytes) condominium
wrote: chula-l5-014.mp3 (19584 bytes) พาหะ
wrote: chula-l5-014.en.mp3 (27072 bytes) carrier, vector
skip (exists): chula-l5-015.mp3
skip (exists): chula-l5-015.en.mp3
skip (exists): chula-l5-016.mp3
skip (exists): chula-l5-016.en.mp3
wrote: chula-l5-017.mp3 (21024 bytes) วิกาล
wrote: chula-l5-017.en.mp3 (31104 bytes) nighttime, late at night
skip (exists): chula-l5-018.mp3
skip (exists): chula-l5-018.en.mp3
wrote: chula-l5-019.mp3 (22752 bytes) ลูกบ้าน
wrote: chula-l5-019.en.mp3 (20160 bytes) resident
skip (exists): chula-l5-020.mp3
skip (exists): chula-l5-020.en.mp3
wrote: chula-l5-021.mp3 (23040 bytes) เอาเป็นว่า
wrote: chula-l5-021.en.mp3 (31392 bytes) in short, "suppose that..."
wrote: chula-l5-022.mp3 (21312 bytes) สำนวน
wrote: chula-l5-022.en.mp3 (27360 bytes) expression, idiom
wrote: chula-l5-023.mp3 (22176 bytes) ประสาน
wrote: chula-l5-023.en.mp3 (31392 bytes) to coordinate, to connect
skip (exists): chula-l5-024.mp3
skip (exists): chula-l5-024.en.mp3
skip (exists): chula-l5-025.mp3
skip (exists): chula-l5-025.en.mp3
skip (exists): chula-l5-026.mp3
skip (exists): chula-l5-026.en.mp3
wrote: chula-l5-027.mp3 (29376 bytes) โปรด, กรุณา
wrote: chula-l5-027.en.mp3 (18144 bytes) please
skip (exists): chula-l5-028.mp3
skip (exists): chula-l5-028.en.mp3
skip (exists): chula-l5-029.mp3
skip (exists): chula-l5-029.en.mp3
wrote: chula-l5-030.mp3 (27648 bytes) พื้นที่สาธารณะ
wrote: chula-l5-030.en.mp3 (33696 bytes) public space, public area
skip (exists): chula-l5-031.mp3
skip (exists): chula-l5-031.en.mp3
skip (exists): chula-l5-032.mp3
skip (exists): chula-l5-032.en.mp3
wrote: chula-l5-034.mp3 (21888 bytes) เมายา
wrote: chula-l5-034.en.mp3 (23616 bytes) high on drugs
wrote: chula-l5-035.mp3 (16704 bytes) บุก
wrote: chula-l5-035.en.mp3 (40896 bytes) to attack, to invade, to charge in
skip (exists): chula-l5-036.mp3
skip (exists): chula-l5-036.en.mp3
skip (exists): chula-l5-037.mp3
skip (exists): chula-l5-037.en.mp3
wrote: chula-l5-038.mp3 (18432 bytes) เหตุ
wrote: chula-l5-038.en.mp3 (40320 bytes) cause, reason; incident, event
wrote: chula-l5-039.mp3 (21888 bytes) ทำร้าย
wrote: chula-l5-039.en.mp3 (26496 bytes) to harm, to hurt
wrote: chula-l5-040.mp3 (23040 bytes) ที่เกิดเหตุ
wrote: chula-l5-040.en.mp3 (41760 bytes) area where the incident occured, crime scene
wrote: chula-l5-041.mp3 (22176 bytes) คนร้าย
wrote: chula-l5-041.en.mp3 (28224 bytes) offender, criminal
skip (exists): chula-l5-042.mp3
skip (exists): chula-l5-042.en.mp3
skip (exists): chula-l5-043.mp3
skip (exists): chula-l5-043.en.mp3
wrote: chula-l5-044.mp3 (23328 bytes) โวยวาย
wrote: chula-l5-044.en.mp3 (46944 bytes) to yell, to make a fuss, to act frantically
skip (exists): chula-l5-045.mp3
skip (exists): chula-l5-045.en.mp3
wrote: chula-l5-046.mp3 (16704 bytes) หมัด
wrote: chula-l5-046.en.mp3 (35712 bytes) punch, blow delivered with fist
wrote: chula-l5-047.mp3 (24768 bytes) ผู้เสียหาย
wrote: chula-l5-047.en.mp3 (29088 bytes) victim, injured person
wrote: chula-l5-048.mp3 (16704 bytes) มุด
wrote: chula-l5-048.en.mp3 (40608 bytes) to crawl, to squeeze through a narrow space
skip (exists): chula-l5-049.mp3
skip (exists): chula-l5-049.en.mp3
wrote: chula-l5-050.mp3 (21888 bytes) หลบหนี
wrote: chula-l5-050.en.mp3 (28800 bytes) to escape, to flee
wrote: chula-l5-051.mp3 (23040 bytes) สอบสวน
wrote: chula-l5-051.en.mp3 (24192 bytes) to investigate
wrote: chula-l5-052.mp3 (21888 bytes) ยาเสพติด
wrote: chula-l5-052.en.mp3 (30240 bytes) drugs, narcotics
wrote: chula-l5-053.mp3 (21024 bytes) ก่อเหตุ
wrote: chula-l5-053.en.mp3 (37440 bytes) to cause trouble, to cause an incident
wrote: chula-l5-054.mp3 (20736 bytes) สาหัส
wrote: chula-l5-054.en.mp3 (28512 bytes) severe, critical
wrote: chula-l5-055.mp3 (21312 bytes) จับกุม
wrote: chula-l5-055.en.mp3 (20448 bytes) to arrest
wrote: chula-l5-056.mp3 (24768 bytes) ดำเนินคดี
wrote: chula-l5-056.en.mp3 (23328 bytes) to prosecute
wrote: chula-l5-057.mp3 (21600 bytes) ตัดสิน
wrote: chula-l5-057.en.mp3 (51552 bytes) to judge, to decide; to rule, to give a verdict
wrote: chula-l5-058.mp3 (19296 bytes) จำคุก
wrote: chula-l5-058.en.mp3 (21312 bytes) to imprison
wrote: chula-l5-059.mp3 (32544 bytes) คดี, คดีความ
wrote: chula-l5-059.en.mp3 (31104 bytes) legal case, lawsuit
wrote: chula-l5-060.mp3 (19296 bytes) เสพ
wrote: chula-l5-060.en.mp3 (41184 bytes) to consume, to indulge in, to use
wrote: chula-l5-061.mp3 (21600 bytes) พ้นโทษ
wrote: chula-l5-061.en.mp3 (42912 bytes) to be free from punishment, released from prison
wrote: chula-l5-062.mp3 (19008 bytes) โทษ
wrote: chula-l5-062.en.mp3 (29952 bytes) punishment, penalty
wrote: chula-l5-063.mp3 (22464 bytes) หลอนยา
wrote: chula-l5-063.en.mp3 (29952 bytes) to hallucinate from drugs
wrote: chula-l5-064.mp3 (22464 bytes) คาดว่า
wrote: chula-l5-064.en.mp3 (26496 bytes) "it is expected that..."
wrote: chula-l5-065.mp3 (21888 bytes) แจ้งความ
wrote: chula-l5-065.en.mp3 (29088 bytes) to file a police report
skip (exists): chula-l5-066.mp3
skip (exists): chula-l5-066.en.mp3
skip (exists): chula-l5-067.mp3
skip (exists): chula-l5-067.en.mp3
wrote: chula-l5-068.mp3 (21600 bytes) มึนเมา
wrote: chula-l5-068.en.mp3 (30528 bytes) intoxicated, drunk
wrote: chula-l5-069.mp3 (22752 bytes) มอบตัว
wrote: chula-l5-069.en.mp3 (37152 bytes) to surrender, to turn oneself in
skip (exists): chula-l5-070.mp3
skip (exists): chula-l5-070.en.mp3
skip (exists): chula-l5-071.mp3
skip (exists): chula-l5-071.en.mp3
skip (exists): chula-l5-072.mp3
skip (exists): chula-l5-072.en.mp3
wrote: chula-l5-073.mp3 (22752 bytes) หลักฐาน
wrote: chula-l5-073.en.mp3 (26784 bytes) proof, evidence
wrote: new-9.mp3 (22752 bytes) เครื่องพิสูจน์
wrote: new-9.en.mp3 (43200 bytes) method of verification, instrument of proof
skip (exists): chula-l5-074.mp3
skip (exists): chula-l5-074.en.mp3
skip (exists): chula-l5-075.mp3
skip (exists): chula-l5-075.en.mp3
wrote: chula-l5-076.mp3 (19296 bytes) คลาน
wrote: chula-l5-076.en.mp3 (19872 bytes) to crawl
wrote: chula-l5-077.mp3 (22464 bytes) เบื้องต้น
wrote: chula-l5-077.en.mp3 (31680 bytes) initially, preliminary
wrote: chula-l5-078.mp3 (21600 bytes) พูดจา
wrote: chula-l5-078.en.mp3 (19872 bytes) to speak
wrote: chula-l5-079.mp3 (20736 bytes) วกวน
wrote: chula-l5-079.en.mp3 (59040 bytes) to go around in circles, to ramble, confusing, convoluted
skip (exists): chula-l5-080.mp3
skip (exists): chula-l5-080.en.mp3
wrote: chula-l5-081.mp3 (20448 bytes) ตำบล
wrote: chula-l5-081.en.mp3 (22464 bytes) subdistrict
wrote: chula-l5-082.mp3 (19008 bytes) คาง
wrote: chula-l5-082.en.mp3 (17280 bytes) chin
wrote: chula-l5-083.mp3 (23040 bytes) ผู้ก่อเหตุ
wrote: chula-l5-083.en.mp3 (29952 bytes) perpetrator, culprit
wrote: chula-l5-085.mp3 (22176 bytes) คุมตัว
wrote: chula-l5-085.en.mp3 (36000 bytes) to detain, to take into custody
skip (exists): chula-l5-086.mp3
skip (exists): chula-l5-086.en.mp3
skip (exists): chula-l5-087.mp3
skip (exists): chula-l5-087.en.mp3
wrote: chula-l5-089.mp3 (23904 bytes) บันทึกไฟล์
wrote: chula-l5-089.en.mp3 (24192 bytes) to save a file
wrote: chula-l5-090.mp3 (23328 bytes) ค้าขาย
wrote: chula-l5-090.en.mp3 (26496 bytes) trade, commerce
wrote: chula-l5-091.mp3 (21312 bytes) ขาดทุน
wrote: chula-l5-091.en.mp3 (34272 bytes) to make a loss, to lose money
wrote: chula-l5-092.mp3 (21600 bytes) บรรเลงสด
wrote: chula-l5-092.en.mp3 (30528 bytes) live musical performance
wrote: chula-l5-093.mp3 (23904 bytes) อาชญากรรม
wrote: chula-l5-093.en.mp3 (17856 bytes) crime
wrote: chula-l5-094.mp3 (21888 bytes) ข้อปฏิบัติ
wrote: chula-l5-094.en.mp3 (31392 bytes) guidelines, instruction
wrote: chula-l5-095.mp3 (22176 bytes) กีดขวาง
wrote: chula-l5-095.en.mp3 (43200 bytes) to block, to obstruct, to stand in the way
skip (exists): chula-l5-096.mp3
skip (exists): chula-l5-096.en.mp3
wrote: chula-l5-097.mp3 (20448 bytes) ศาล
wrote: chula-l5-097.en.mp3 (27936 bytes) court, tribunal
skip (exists): chula-l5-098.mp3
skip (exists): chula-l5-098.en.mp3
skip (exists): chula-l5-099.mp3
skip (exists): chula-l5-099.en.mp3
wrote: chula-l5-100.mp3 (25056 bytes) ทรัพยากร
wrote: chula-l5-100.en.mp3 (23040 bytes) resources
wrote: chula-l5-101.mp3 (22176 bytes) ธรรมชาติ
wrote: chula-l5-101.en.mp3 (19296 bytes) nature
wrote: chula-l5-102.mp3 (21024 bytes) เสน่ห์
wrote: chula-l5-102.en.mp3 (26208 bytes) charm, charisma
wrote: chula-l5-103.mp3 (21312 bytes) พระธาตุ
wrote: chula-l5-103.en.mp3 (30816 bytes) Buddha's relics, pagoda
wrote: chula-l5-104.mp3 (25632 bytes) คู่บ้านคู่เมือง
wrote: chula-l5-104.en.mp3 (71712 bytes) institution or landmark that has a strong historical or cultural significance for the nation
wrote: chula-l5-105.mp3 (19296 bytes) ปีเถาะ
wrote: chula-l5-105.en.mp3 (23616 bytes) year of the Rabbit
wrote: chula-l5-106.mp3 (19296 bytes) กราบ
wrote: chula-l5-106.en.mp3 (38880 bytes) to prostrate oneself, to bow deeply
wrote: chula-l5-107.mp3 (35424 bytes) มงคล, สิริมงคล
wrote: chula-l5-107.en.mp3 (29088 bytes) blessed, auspicious
wrote: chula-l5-108.mp3 (19296 bytes) กระซิบ
wrote: chula-l5-108.en.mp3 (20736 bytes) to whisper
wrote: chula-l5-109.mp3 (21600 bytes) จิตรกรรม
wrote: chula-l5-109.en.mp3 (19296 bytes) painting
wrote: chula-l5-110.mp3 (23040 bytes) ความเป็นอยู่
wrote: chula-l5-110.en.mp3 (45216 bytes) livelihood, living conditions, way of life
wrote: chula-l5-111.mp3 (19296 bytes) นาค
wrote: chula-l5-111.en.mp3 (18432 bytes) Naga
skip (exists): chula-l5-112.mp3
skip (exists): chula-l5-112.en.mp3
wrote: chula-l5-113.mp3 (18432 bytes) ผ้าทอ
wrote: chula-l5-113.en.mp3 (23904 bytes) woven fabric
wrote: chula-l5-114.mp3 (31392 bytes) นา, ทุ่งนา
wrote: chula-l5-114.en.mp3 (21312 bytes) rice field
wrote: chula-l5-115.mp3 (18432 bytes) ฟิน
wrote: chula-l5-115.en.mp3 (45216 bytes) thrilled, very happy, totally satisfied
wrote: chula-l5-116.mp3 (20160 bytes) หลงรัก
wrote: chula-l5-116.en.mp3 (35136 bytes) infatuated, deeply in love
skip (exists): chula-l5-117.mp3
skip (exists): chula-l5-117.en.mp3
wrote: chula-l5-118.mp3 (16128 bytes) จิบ
wrote: chula-l5-118.en.mp3 (19008 bytes) to sip
wrote: chula-l5-119.mp3 (21888 bytes) ล้อมรอบ
wrote: chula-l5-119.en.mp3 (31392 bytes) to surround, to encircle
skip (exists): chula-l5-120.mp3
skip (exists): chula-l5-120.en.mp3
skip (exists): chula-l5-121.mp3
skip (exists): chula-l5-121.en.mp3
wrote: chula-l5-122.mp3 (22464 bytes) โดนใจ
wrote: chula-l5-122.en.mp3 (37152 bytes) to be to one's liking, to appeal to
wrote: chula-l5-124.mp3 (22752 bytes) ของคาว
wrote: chula-l5-124.en.mp3 (35712 bytes) savory food, non-sweet food
wrote: chula-l5-126.mp3 (23616 bytes) หยาบคาย
wrote: chula-l5-126.en.mp3 (17568 bytes) rude
wrote: chula-l5-127.mp3 (21024 bytes) จริงจัง
wrote: chula-l5-127.en.mp3 (31104 bytes) seriously, for real
wrote: chula-l5-128.mp3 (19008 bytes) เว่อร์
wrote: chula-l5-128.en.mp3 (44928 bytes) over-the-top, exaggerated, to exaggerate
wrote: chula-l5-129.mp3 (19008 bytes) โคตร
wrote: chula-l5-129.en.mp3 (17856 bytes) very
skip (exists): chula-l5-130.mp3
skip (exists): chula-l5-130.en.mp3
skip (exists): chula-l5-131.mp3
skip (exists): chula-l5-131.en.mp3
skip (exists): chula-l5-132.mp3
skip (exists): chula-l5-132.en.mp3
wrote: chula-l5-133.mp3 (22752 bytes) จัดแสดง
wrote: chula-l5-133.en.mp3 (29376 bytes) to exhibit, to show
wrote: chula-l5-134.mp3 (25344 bytes) รอยพระพุทธบาท
wrote: chula-l5-134.en.mp3 (23904 bytes) Buddha's footprint
wrote: chula-l5-135.mp3 (21888 bytes) รถพ่วง
wrote: chula-l5-135.en.mp3 (19008 bytes) trailer
wrote: chula-l5-136.mp3 (19584 bytes) บรรทุก
wrote: chula-l5-136.en.mp3 (27936 bytes) to load, to carry
wrote: chula-l5-137.mp3 (21600 bytes) เฉี่ยวชน
wrote: chula-l5-137.en.mp3 (40032 bytes) to bump into, to hit, to graze
skip (exists): chula-l5-138.mp3
skip (exists): chula-l5-138.en.mp3
wrote: chula-l5-139.mp3 (19296 bytes) คว่ำ
wrote: chula-l5-139.en.mp3 (39456 bytes) to turn upside down, to capsize
skip (exists): chula-l5-140.mp3
skip (exists): chula-l5-140.en.mp3
wrote: chula-l5-141.mp3 (19008 bytes) เกลื่อน
wrote: chula-l5-141.en.mp3 (37440 bytes) scattered all over, littered everywhere
wrote: chula-l5-142.mp3 (23040 bytes) จราจร
wrote: chula-l5-142.en.mp3 (19584 bytes) traffic
skip (exists): chula-l5-143.mp3
skip (exists): chula-l5-143.en.mp3
wrote: chula-l5-144.mp3 (25056 bytes) อำนวยความสะดวก
wrote: chula-l5-144.en.mp3 (35136 bytes) to facilitate, to accommodate
wrote: chula-l5-145.mp3 (22176 bytes) ทางหลวง
wrote: chula-l5-145.en.mp3 (17856 bytes) highway
wrote: chula-l5-146.mp3 (22464 bytes) ติดประกาศ
wrote: chula-l5-146.en.mp3 (40896 bytes) to post a notice, to put up an announcement
skip (exists): chula-l5-149.mp3
skip (exists): chula-l5-149.en.mp3
wrote: chula-l5-150.mp3 (21888 bytes) สงวน
wrote: chula-l5-150.en.mp3 (45504 bytes) to preserve, to reserve, to refrain from using
wrote: chula-l5-151.mp3 (24480 bytes) คู่กรณี
wrote: chula-l5-151.en.mp3 (45792 bytes) parties involved, both sides, the other party
wrote: chula-l5-152.mp3 (21312 bytes) ข้าวเปลือก
wrote: chula-l5-152.en.mp3 (29952 bytes) paddy, unmilled rice
wrote: chula-l5-153.mp3 (23904 bytes) ตะแคงข้าง
wrote: chula-l5-153.en.mp3 (33984 bytes) to tilt, to lean on the side
skip (exists): chula-l5-154.mp3
skip (exists): chula-l5-154.en.mp3
wrote: chula-l5-156.mp3 (23616 bytes) มูลค่า
wrote: chula-l5-156.en.mp3 (19008 bytes) value
wrote: chula-l5-157.mp3 (21024 bytes) พยาน
wrote: chula-l5-157.en.mp3 (19872 bytes) witness
skip (exists): chula-l5-158.mp3
skip (exists): chula-l5-158.en.mp3
wrote: chula-l5-159.mp3 (23328 bytes) กระบวนการ
wrote: chula-l5-159.en.mp3 (20736 bytes) process
wrote: chula-l5-160.mp3 (23040 bytes) อุบัติเหตุ
wrote: chula-l5-160.en.mp3 (20448 bytes) accident
skip (exists): chula-l5-162.mp3
skip (exists): chula-l5-162.en.mp3
wrote: chula-l5-164.mp3 (24480 bytes) ยานพาหนะ
wrote: chula-l5-164.en.mp3 (19008 bytes) vehicle
wrote: chula-l5-165.mp3 (21600 bytes) กู้ภัย
wrote: chula-l5-165.en.mp3 (22752 bytes) rescue team
wrote: chula-l5-166.mp3 (22752 bytes) ขาเข้า
wrote: chula-l5-166.en.mp3 (19008 bytes) inbound
wrote: chula-l5-167.mp3 (21888 bytes) อย่างจัง
wrote: chula-l5-167.en.mp3 (33408 bytes) seriously, in a big way
wrote: chula-l5-168.mp3 (21024 bytes) ประธาน
wrote: chula-l5-168.en.mp3 (41760 bytes) subject; chairman, presiding person
wrote: chula-l5-169.mp3 (21600 bytes) อาการ
wrote: chula-l5-169.en.mp3 (28512 bytes) symptom, condition
skip (exists): chula-l5-171.mp3
skip (exists): chula-l5-171.en.mp3
wrote: chula-l5-172.mp3 (20160 bytes) รถกระบะ
wrote: chula-l5-172.en.mp3 (22176 bytes) pick-up truck
wrote: chula-l5-173.mp3 (21888 bytes) หลับใน
wrote: chula-l5-173.en.mp3 (27360 bytes) to doze off while driving
wrote: chula-l5-174.mp3 (19296 bytes) ติดขัด
wrote: chula-l5-174.en.mp3 (34560 bytes) congested, stuck, jammed
wrote: chula-l5-175.mp3 (19872 bytes) เบรก
wrote: chula-l5-175.en.mp3 (19872 bytes) to brake
wrote: chula-l5-176.mp3 (23328 bytes) กระจกหน้า
wrote: chula-l5-176.en.mp3 (20448 bytes) windshield
skip (exists): chula-l5-177.mp3
skip (exists): chula-l5-177.en.mp3
wrote: chula-l5-178.mp3 (19008 bytes) บ่อ
wrote: chula-l5-178.en.mp3 (23616 bytes) pond, well
wrote: chula-l5-179.mp3 (23040 bytes) เนินเขา
wrote: chula-l5-179.en.mp3 (17568 bytes) hill
wrote: chula-l5-180.mp3 (24480 bytes) ความหลากหลาย
wrote: chula-l5-180.en.mp3 (20736 bytes) diversity
wrote: chula-l5-181.mp3 (25344 bytes) สลับซับซ้อน
wrote: chula-l5-181.en.mp3 (40320 bytes) intricate, complicated, convoluted
wrote: chula-l5-182.mp3 (20160 bytes) ปกคลุม
wrote: chula-l5-182.en.mp3 (30528 bytes) to cover, to blanket
skip (exists): chula-l5-183.mp3
skip (exists): chula-l5-183.en.mp3
wrote: chula-l5-184.mp3 (19584 bytes) ล่อง
wrote: chula-l5-184.en.mp3 (35712 bytes) to travel downstream, to drift
skip (exists): chula-l5-185.mp3
skip (exists): chula-l5-185.en.mp3
wrote: chula-l5-186.mp3 (23328 bytes) พระราชดำริ
wrote: chula-l5-186.en.mp3 (36288 bytes) royal initiative, royal idea
wrote: chula-l5-187.mp3 (21600 bytes) ต้นสน
wrote: chula-l5-187.en.mp3 (20736 bytes) pine tree
skip (exists): chula-l5-188.mp3
skip (exists): chula-l5-188.en.mp3
wrote: chula-l5-189.mp3 (19584 bytes) บาน
wrote: chula-l5-189.en.mp3 (43776 bytes) to bloom; to spread out, to be wide open
wrote: chula-l5-190.mp3 (23616 bytes) ความงดงาม
wrote: chula-l5-190.en.mp3 (17856 bytes) beauty
wrote: chula-l5-191.mp3 (18432 bytes) ลัง
wrote: chula-l5-191.en.mp3 (26496 bytes) crate, case
wrote: chula-l5-192.mp3 (21024 bytes) ยี่ห้อ
wrote: chula-l5-192.en.mp3 (17856 bytes) brand
skip (exists): chula-l5-193.mp3
skip (exists): chula-l5-193.en.mp3
wrote: chula-l5-194.mp3 (19296 bytes) นอง
wrote: chula-l5-194.en.mp3 (34560 bytes) flooded, covered in, soaked
wrote: chula-l5-195.mp3 (23040 bytes) บุตรชาย
wrote: chula-l5-195.en.mp3 (18144 bytes) son
wrote: chula-l5-196.mp3 (20736 bytes) รถยก
wrote: chula-l5-196.en.mp3 (21024 bytes) tow truck
wrote: chula-l5-197.mp3 (20160 bytes) ศร
wrote: chula-l5-197.en.mp3 (17856 bytes) arrow
wrote: chula-l5-198.mp3 (21888 bytes) นินทา
wrote: chula-l5-198.en.mp3 (41760 bytes) to gossip, to talk behind someone's back
wrote: chula-l5-199.mp3 (22752 bytes) ยุงลาย
wrote: chula-l5-199.en.mp3 (24192 bytes) Aedes mosquito
wrote: chula-l5-200.mp3 (21312 bytes) เฉียบพลัน
wrote: chula-l5-200.en.mp3 (25344 bytes) acute, sudden
wrote: chula-l5-201.mp3 (19872 bytes) ศีรษะ
wrote: chula-l5-201.en.mp3 (16992 bytes) head
wrote: chula-l5-202.mp3 (19296 bytes) ผื่น
wrote: chula-l5-202.en.mp3 (18144 bytes) rash
skip (exists): chula-l5-203.mp3
skip (exists): chula-l5-203.en.mp3
wrote: chula-l5-204.mp3 (20160 bytes) ภาวะ
wrote: chula-l5-204.en.mp3 (27072 bytes) condition, state
wrote: chula-l5-205.mp3 (23040 bytes) ชีพจร
wrote: chula-l5-205.en.mp3 (17856 bytes) pulse
wrote: chula-l5-206.mp3 (16128 bytes) ตับ
wrote: chula-l5-206.en.mp3 (18144 bytes) liver
wrote: chula-l5-207.mp3 (21600 bytes) ตับโต
wrote: chula-l5-207.en.mp3 (24192 bytes) hepatomegaly
wrote: chula-l5-208.mp3 (22176 bytes) ชายโครง
wrote: chula-l5-208.en.mp3 (33120 bytes) flank, area below the ribs
wrote: chula-l5-209.mp3 (22176 bytes) เกลือแร่
wrote: chula-l5-209.en.mp3 (36000 bytes) mineral salts, electrolytes
wrote: chula-l5-210.mp3 (18432 bytes) ซึม
wrote: chula-l5-210.en.mp3 (37440 bytes) listless, dull, feeling down
wrote: chula-l5-211.mp3 (25344 bytes) กระสับกระส่าย
wrote: chula-l5-211.en.mp3 (44640 bytes) restless, agitated, unable to sit still
skip (exists): chula-l5-212.mp3
skip (exists): chula-l5-212.en.mp3
wrote: chula-l5-213.mp3 (21312 bytes) มุ้งลวด
wrote: chula-l5-213.en.mp3 (27648 bytes) mosquito wire screen
skip (exists): chula-l5-214.mp3
skip (exists): chula-l5-214.en.mp3
wrote: chula-l5-215.mp3 (21312 bytes) เพาะพันธุ์
wrote: chula-l5-215.en.mp3 (19296 bytes) to breed
skip (exists): chula-l5-216.mp3
skip (exists): chula-l5-216.en.mp3
wrote: chula-l5-217.mp3 (23040 bytes) น้ำขัง
wrote: chula-l5-217.en.mp3 (23904 bytes) stagnant water
wrote: chula-l5-218.mp3 (21888 bytes) ลูกน้ำ
wrote: chula-l5-218.en.mp3 (18720 bytes) larva
wrote: chula-l5-220.mp3 (21312 bytes) ภูมิทัศน์
wrote: chula-l5-220.en.mp3 (20160 bytes) landscape
wrote: chula-l5-221.mp3 (22464 bytes) ลำไส้
wrote: chula-l5-221.en.mp3 (21312 bytes) intestine
wrote: chula-l5-222.mp3 (23328 bytes) ลำไส้ใหญ่
wrote: chula-l5-222.en.mp3 (31680 bytes) large intestine, colon
skip (exists): chula-l5-223.mp3
skip (exists): chula-l5-223.en.mp3
skip (exists): chula-l5-224.mp3
skip (exists): chula-l5-224.en.mp3
skip (exists): chula-l5-225.mp3
skip (exists): chula-l5-225.en.mp3
wrote: chula-l5-226.mp3 (21312 bytes) ไขมัน
wrote: chula-l5-226.en.mp3 (18432 bytes) fat
wrote: chula-l5-227.mp3 (19008 bytes) เกรียม
wrote: chula-l5-227.en.mp3 (31680 bytes) scorched, almost burnt
wrote: chula-l5-228.mp3 (21600 bytes) แปรรูป
wrote: chula-l5-228.en.mp3 (42624 bytes) to transform, to process, processed
wrote: chula-l5-229.mp3 (22464 bytes) ตลอดจน
wrote: chula-l5-229.en.mp3 (31680 bytes) including, as well as
skip (exists): chula-l5-230.mp3
skip (exists): chula-l5-230.en.mp3
wrote: chula-l5-231.mp3 (21312 bytes) ติ่งเนื้อ
wrote: chula-l5-231.en.mp3 (44928 bytes) skin tag, benign growth of skin, polyp
wrote: chula-l5-232.mp3 (22464 bytes) ก็ต่อเมื่อ
wrote: chula-l5-232.en.mp3 (21024 bytes) only when
wrote: chula-l5-233.mp3 (21600 bytes) ลุกลาม
wrote: chula-l5-233.en.mp3 (31392 bytes) to spread, to escalate
wrote: chula-l5-234.mp3 (22752 bytes) เท่าที่ควร
wrote: chula-l5-234.en.mp3 (33408 bytes) as appropriate, "as it should be"
wrote: chula-l5-235.mp3 (21024 bytes) ท้องผูก
wrote: chula-l5-235.en.mp3 (23328 bytes) constipation
skip (exists): chula-l5-236.mp3
skip (exists): chula-l5-236.en.mp3
wrote: chula-l5-238.mp3 (19008 bytes) มูก
wrote: chula-l5-238.en.mp3 (33696 bytes) mucus, nasal discharge
skip (exists): chula-l5-239.mp3
skip (exists): chula-l5-239.en.mp3
skip (exists): chula-l5-240.mp3
skip (exists): chula-l5-240.en.mp3
wrote: chula-l5-241.mp3 (22752 bytes) แน่นท้อง
wrote: chula-l5-241.en.mp3 (34560 bytes) feeling full, stuffed stomach
wrote: chula-l5-242.mp3 (21312 bytes) ท้องอืด
wrote: chula-l5-242.en.mp3 (37728 bytes) bloated stomach, to have flatulence
wrote: chula-l5-243.mp3 (20736 bytes) จุกเสียด
wrote: chula-l5-243.en.mp3 (39456 bytes) stomach cramp, sharp abdominal pain
wrote: chula-l5-244.mp3 (22176 bytes) คัดกรอง
wrote: chula-l5-244.en.mp3 (28224 bytes) to screen, screening
wrote: chula-l5-245.mp3 (19872 bytes) แฝง
wrote: chula-l5-245.en.mp3 (36288 bytes) hidden, concealed, disguised
wrote: chula-l5-246.mp3 (22464 bytes) ส่องกล้อง
wrote: chula-l5-246.en.mp3 (22752 bytes) to use a scope
skip (exists): chula-l5-247.mp3
skip (exists): chula-l5-247.en.mp3
wrote: chula-l5-248.mp3 (22752 bytes) วินิจฉัย
wrote: chula-l5-248.en.mp3 (23328 bytes) to diagnose
wrote: chula-l5-249.mp3 (32256 bytes) เชื้อ, เชื้อโรค
wrote: chula-l5-249.en.mp3 (26208 bytes) germ, pathogen
wrote: chula-l5-250.mp3 (24192 bytes) การติดเชื้อ
wrote: chula-l5-250.en.mp3 (21600 bytes) infection
wrote: chula-l5-251.mp3 (20736 bytes) ไวรัส
wrote: chula-l5-251.en.mp3 (19584 bytes) virus
wrote: chula-l5-252.mp3 (24480 bytes) เบื่ออาหาร
wrote: chula-l5-252.en.mp3 (25632 bytes) loss of appetite
wrote: chula-l5-253.mp3 (21024 bytes) อาเจียน
wrote: chula-l5-253.en.mp3 (20736 bytes) to vomit
wrote: chula-l5-254.mp3 (22176 bytes) ลำตัว
wrote: chula-l5-254.en.mp3 (32256 bytes) torso, trunk of the body
skip (exists): chula-l5-256.mp3
skip (exists): chula-l5-256.en.mp3
skip (exists): chula-l5-257.mp3
skip (exists): chula-l5-257.en.mp3
wrote: chula-l5-258.mp3 (23040 bytes) ภาวะอ้วน
wrote: chula-l5-258.en.mp3 (20736 bytes) obesity
wrote: chula-l5-259.mp3 (24768 bytes) ส่งผลให้
wrote: chula-l5-259.en.mp3 (33696 bytes) resulting in, to result in
wrote: chula-l5-260.mp3 (25632 bytes) การถ่ายอุจจาระ
wrote: chula-l5-260.en.mp3 (22464 bytes) defecation
skip (exists): chula-l5-261.mp3
skip (exists): chula-l5-261.en.mp3
wrote: chula-l5-262.mp3 (23040 bytes) สุขภาพจิต
wrote: chula-l5-262.en.mp3 (22176 bytes) mental health
skip (exists): chula-l5-263.mp3
skip (exists): chula-l5-263.en.mp3
wrote: chula-l5-264.mp3 (22752 bytes) แต่งกาย
wrote: chula-l5-264.en.mp3 (20448 bytes) to dress
wrote: chula-l5-265.mp3 (23328 bytes) ปฏิบัติตน
wrote: chula-l5-265.en.mp3 (27648 bytes) to conduct oneself
skip (exists): chula-l5-266.mp3
skip (exists): chula-l5-266.en.mp3
skip (exists): chula-l5-267.mp3
skip (exists): chula-l5-267.en.mp3
skip (exists): chula-l5-268.mp3
skip (exists): chula-l5-268.en.mp3
skip (exists): chula-l5-269.mp3
skip (exists): chula-l5-269.en.mp3
wrote: chula-l5-270.mp3 (22176 bytes) วงการ
wrote: chula-l5-270.en.mp3 (27360 bytes) field, industry
wrote: chula-l5-271.mp3 (23040 bytes) พยากรณ์
wrote: chula-l5-271.en.mp3 (23328 bytes) to forecast
wrote: chula-l5-272.mp3 (26208 bytes) พยากรณ์อากาศ
wrote: chula-l5-272.en.mp3 (25344 bytes) weather forecast
wrote: chula-l5-273.mp3 (39456 bytes) กรมอุตุนิยมวิทยา, กรมอุตุฯ
wrote: chula-l5-273.en.mp3 (32832 bytes) Thai Meteorological Department
wrote: chula-l5-274.mp3 (20160 bytes) พายุ
wrote: chula-l5-274.en.mp3 (19008 bytes) storm
wrote: chula-l5-275.mp3 (21312 bytes) อุตส่าห์
wrote: chula-l5-275.en.mp3 (41184 bytes) to go out of one's way, to go through the trouble
wrote: chula-l5-276.mp3 (19008 bytes) เซ็ง
wrote: chula-l5-276.en.mp3 (36288 bytes) bored, fed up, feeling blue
skip (exists): chula-l5-277.mp3
skip (exists): chula-l5-277.en.mp3
skip (exists): chula-l5-278.mp3
skip (exists): chula-l5-278.en.mp3
skip (exists): chula-l5-279.mp3
skip (exists): chula-l5-279.en.mp3
wrote: chula-l5-280.mp3 (24480 bytes) ลมมรสุม
wrote: chula-l5-280.en.mp3 (23040 bytes) monsoon wind
wrote: chula-l5-281.mp3 (22464 bytes) ร่องฝน
wrote: chula-l5-281.en.mp3 (24480 bytes) monsoon trough
wrote: chula-l5-282.mp3 (22464 bytes) พาดผ่าน
wrote: chula-l5-282.en.mp3 (36576 bytes) to pass through, to sweep across
wrote: chula-l5-283.mp3 (19296 bytes) คลื่น
wrote: chula-l5-283.en.mp3 (39456 bytes) wave; radio channel, frequency
wrote: chula-l5-284.mp3 (22752 bytes) ค่อนข้าง
wrote: chula-l5-284.en.mp3 (36000 bytes) quite, rather, relatively
wrote: chula-l5-285.mp3 (21600 bytes) อบอ้าว
wrote: chula-l5-285.en.mp3 (32544 bytes) stuffy, hot and humid
skip (exists): chula-l5-286.mp3
skip (exists): chula-l5-286.en.mp3
wrote: chula-l5-287.mp3 (25632 bytes) ลมฟ้าอากาศ
wrote: chula-l5-287.en.mp3 (17856 bytes) weather
skip (exists): chula-l5-288.mp3
skip (exists): chula-l5-288.en.mp3
wrote: chula-l5-289.mp3 (22752 bytes) เครๆ
wrote: chula-l5-289.en.mp3 (26784 bytes) okay, "alright"
wrote: chula-l5-290.mp3 (23616 bytes) สรุปแล้ว
wrote: chula-l5-290.en.mp3 (23616 bytes) in conclusion
wrote: chula-l5-291.mp3 (21024 bytes) ยังคง
wrote: chula-l5-291.en.mp3 (18432 bytes) still
wrote: chula-l5-292.mp3 (22752 bytes) เป็นกันเอง
wrote: chula-l5-292.en.mp3 (47520 bytes) friendly, approachable, informal; reasonable
wrote: chula-l5-293.mp3 (23040 bytes) อะ, อ่ะ
wrote: chula-l5-293.en.mp3 (36576 bytes) makes the sentence softer and informal
wrote: chula-l5-298.mp3 (25056 bytes) ใจความสำคัญ
wrote: chula-l5-298.en.mp3 (31680 bytes) main idea, key point
wrote: chula-l5-299.mp3 (36288 bytes) ชาวเรือ, กะลาสี
wrote: chula-l5-299.en.mp3 (19584 bytes) sailor
wrote: chula-l5-300.mp3 (23616 bytes) ปรากฏการณ์
wrote: chula-l5-300.en.mp3 (21600 bytes) phenomenon
skip (exists): chula-l5-301.mp3
skip (exists): chula-l5-301.en.mp3
skip (exists): chula-l5-302.mp3
skip (exists): chula-l5-302.en.mp3
wrote: chula-l5-304.mp3 (22176 bytes) พื้นราบ
wrote: chula-l5-304.en.mp3 (43200 bytes) flat land, plain surface, lowlands
wrote: chula-l5-305.mp3 (22752 bytes) เทศกาล
wrote: chula-l5-305.en.mp3 (20736 bytes) festival
wrote: chula-l5-306.mp3 (18720 bytes) จาม
wrote: chula-l5-306.en.mp3 (21024 bytes) to sneeze
wrote: chula-l5-307.mp3 (20160 bytes) เซ
wrote: chula-l5-307.en.mp3 (32832 bytes) to stagger, to be unsteady
wrote: chula-l5-308.mp3 (18144 bytes) หอบ
wrote: chula-l5-308.en.mp3 (42336 bytes) to gasp, to breathe heavily; to carry
wrote: chula-l5-309.mp3 (19872 bytes) แพร่
wrote: chula-l5-309.en.mp3 (45216 bytes) to spread, to disseminate, to become widespread
wrote: chula-l5-310.mp3 (23040 bytes) ปัจจัยเสี่ยง
wrote: chula-l5-310.en.mp3 (24192 bytes) risk factors
wrote: chula-l5-311.mp3 (23328 bytes) ฟ้าคะนอง
wrote: chula-l5-311.en.mp3 (29952 bytes) thunder, thundering sky
wrote: chula-l5-312.mp3 (24192 bytes) สิทธิพิเศษ
wrote: chula-l5-312.en.mp3 (19872 bytes) privilege
wrote: chula-l5-313.mp3 (20448 bytes) ส่วนลด
wrote: chula-l5-313.en.mp3 (20448 bytes) discount
wrote: chula-l5-314.mp3 (17280 bytes) ศก
wrote: chula-l5-314.en.mp3 (16992 bytes) era
wrote: chula-l5-315.mp3 (21600 bytes) คูปอง
wrote: chula-l5-315.en.mp3 (19296 bytes) coupon
wrote: chula-l5-316.mp3 (19008 bytes) ลุ้น
wrote: chula-l5-316.en.mp3 (52128 bytes) to hope to win, to wait eagerly, to have a chance to win
wrote: chula-l5-317.mp3 (32544 bytes) ผ่อนจ่าย, แบ่งชำระ
wrote: chula-l5-317.en.mp3 (28224 bytes) to pay by installments
skip (exists): chula-l5-318.mp3
skip (exists): chula-l5-318.en.mp3
wrote: chula-l5-320.mp3 (34272 bytes) อัศจรรย์, มหัศจรรย์
wrote: chula-l5-320.en.mp3 (29088 bytes) amazing, wonderful
wrote: chula-l5-321.mp3 (20736 bytes) ชั้นนำ
wrote: chula-l5-321.en.mp3 (35424 bytes) leading, top, prestigious
wrote: chula-l5-322.mp3 (20448 bytes) เครื่องประดับ
wrote: chula-l5-322.en.mp3 (22752 bytes) accessories
wrote: chula-l5-323.mp3 (23040 bytes) เครื่องครัว
wrote: chula-l5-323.en.mp3 (20448 bytes) kitchenware
wrote: chula-l5-324.mp3 (30528 bytes) เวียน, หมุนเวียน
wrote: chula-l5-324.en.mp3 (32544 bytes) to rotate, to circulate
wrote: chula-l5-325.mp3 (19296 bytes) ดีล
wrote: chula-l5-325.en.mp3 (17568 bytes) deal
wrote: chula-l5-326.mp3 (23616 bytes) ร่วมรายการ
wrote: chula-l5-326.en.mp3 (54720 bytes) 